// Jest Snapshot v1, https://goo.gl/fbAQLP

exports[`<ColumnGrid /> should match the snapshot 1`] = `"<div aria-label=\\"grid\\" aria-readonly=\\"true\\" class=\\"ReactVirtualized__Grid\\" role=\\"grid\\" style=\\"box-sizing:border-box;direction:ltr;height:auto;position:relative;width:100px;-webkit-overflow-scrolling:touch;will-change:transform;overflow-x:hidden;overflow-y:hidden\\" tabindex=\\"0\\"><div class=\\"ReactVirtualized__Grid__innerScrollContainer\\" role=\\"rowgroup\\" style=\\"width:0;height:10px;max-width:0;max-height:10px;overflow:hidden;pointer-events:;position:relative\\"><div class=\\"\\" style=\\"display:flex;justify-content:center;padding:5px;box-sizing:border-box;background:#efefef;border:1px solid #ccc;cursor:default;height:auto;left:0;position:absolute;top:0;width:0;user-select:none;transform:translate3d(0, 0, 0);align-items:center;overflow:hidden;word-break:break-word;text-overflow:ellipsis;text-align:center\\">First</div><div style=\\"display:flex;justify-content:center;padding:5px;box-sizing:border-box;background:#efefef;border:1px solid #ccc;cursor:default;height:auto;left:0;position:absolute;top:0;width:0;user-select:none;transform:translate3d(0, 0, 0);align-items:center;overflow:hidden;word-break:break-word;text-overflow:ellipsis;text-align:center\\"><span title=\\"Second\\" class=\\"\\">Second</span></div></div></div>"`;
